../Core/Src/main.c:90:5:main	16	static
../Core/Src/main.c:177:6:SystemClock_Config	88	static
../Core/Src/main.c:223:13:MX_TIM3_Init	32	static
../Core/Src/main.c:268:13:MX_USART2_UART_Init	8	static
../Core/Src/main.c:301:13:MX_USART6_UART_Init	8	static
../Core/Src/main.c:334:13:MX_GPIO_Init	48	static
../Core/Src/main.c:367:6:MX_GPIO_LED_ON	16	static
../Core/Src/main.c:371:6:MX_GPIO_LED_OFF	16	static
../Core/Src/main.c:375:6:esp_event	120	static
../Core/Src/main.c:423:6:HAL_TIM_PeriodElapsedCallback	16	static
../Core/Src/main.c:440:6:Error_Handler	4	static,ignoring_inline_asm
