../Core/Src/main.c:77:5:main	8	static
../Core/Src/main.c:132:6:SystemClock_Config	88	static
../Core/Src/main.c:179:13:MX_TIM3_Init	64	static
../Core/Src/main.c:238:13:MX_USART2_UART_Init	8	static
../Core/Src/main.c:271:13:MX_GPIO_Init	48	static
../Core/Src/main.c:306:6:HAL_TIM_PeriodElapsedCallback	16	static
../Core/Src/main.c:315:6:HAL_TIM_OC_DelayElapsedCallback	16	static
../Core/Src/main.c:322:1:__io_putchar	16	static
../Core/Src/main.c:336:6:Error_Handler	4	static,ignoring_inline_asm
