../Core/Src/main.c:94:5:main	56	static
../Core/Src/main.c:181:6:SystemClock_Config	88	static
../Core/Src/main.c:228:13:MX_I2C1_Init	8	static
../Core/Src/main.c:262:13:MX_TIM3_Init	32	static
../Core/Src/main.c:307:13:MX_USART2_UART_Init	8	static
../Core/Src/main.c:340:13:MX_USART6_UART_Init	8	static
../Core/Src/main.c:373:13:MX_GPIO_Init	48	static
../Core/Src/main.c:416:6:MX_GPIO_LED_ON	16	static
../Core/Src/main.c:420:6:MX_GPIO_LED_OFF	16	static
../Core/Src/main.c:424:6:MX_GPIO_TEST_LED_ON	16	static
../Core/Src/main.c:428:6:MX_GPIO_TEST_LED_OFF	16	static
../Core/Src/main.c:432:6:bluetooth_Event	152	static
../Core/Src/main.c:494:6:HAL_TIM_PeriodElapsedCallback	16	static
../Core/Src/main.c:509:1:__io_putchar	16	static
../Core/Src/main.c:517:6:HAL_UART_RxCpltCallback	16	static
../Core/Src/main.c:558:6:Error_Handler	4	static,ignoring_inline_asm
