../Core/Src/stm32f4xx_it.c:68:6:NMI_Handler	4	static
../Core/Src/stm32f4xx_it.c:83:6:HardFault_Handler	4	static
../Core/Src/stm32f4xx_it.c:98:6:MemManage_Handler	4	static
../Core/Src/stm32f4xx_it.c:113:6:BusFault_Handler	4	static
../Core/Src/stm32f4xx_it.c:128:6:UsageFault_Handler	4	static
../Core/Src/stm32f4xx_it.c:143:6:SVC_Handler	4	static
../Core/Src/stm32f4xx_it.c:156:6:DebugMon_Handler	4	static
../Core/Src/stm32f4xx_it.c:169:6:PendSV_Handler	4	static
../Core/Src/stm32f4xx_it.c:182:6:SysTick_Handler	8	static
../Core/Src/stm32f4xx_it.c:203:6:EXTI0_IRQHandler	8	static
../Core/Src/stm32f4xx_it.c:216:6:EXTI1_IRQHandler	8	static
../Core/Src/stm32f4xx_it.c:228:6:EXTI2_IRQHandler	8	static
../Core/Src/stm32f4xx_it.c:241:6:EXTI3_IRQHandler	8	static
../Core/Src/stm32f4xx_it.c:254:6:EXTI4_IRQHandler	8	static
../Core/Src/stm32f4xx_it.c:267:6:EXTI9_5_IRQHandler	8	static
../Core/Src/stm32f4xx_it.c:283:6:EXTI15_10_IRQHandler	8	static
