../Core/Src/main.c:70:6:delay	16	static
../Core/Src/main.c:76:6:HAL_TIM_IC_CaptureCallback	16	static
../Core/Src/main.c:113:6:HCSR04_Read	8	static
../Core/Src/main.c:132:5:main	8	static
../Core/Src/main.c:181:6:SystemClock_Config	88	static
../Core/Src/main.c:228:13:MX_TIM3_Init	32	static
../Core/Src/main.c:273:13:MX_USART2_UART_Init	8	static
../Core/Src/main.c:306:13:MX_GPIO_Init	48	static
../Core/Src/main.c:341:1:__io_putchar	16	static
../Core/Src/main.c:355:6:Error_Handler	4	static,ignoring_inline_asm
